2025-02-18 13:31:19,354 BEGIN
2025-02-18 13:31:19,401 Evaluating particles
2025-02-18 13:31:19,405 All particles are identical
2025-02-18 13:31:19,405 Evaluating Yobs
2025-02-18 13:31:19,410 Yobs are identical
2025-02-18 13:31:19,413 Evaluating simulated data
2025-02-18 13:31:19,414 Evaluating rae
2025-02-18 13:31:19,414 Values of parameter rae differ in 0 and 1 at temperatures [37.5, 40.0]
2025-02-18 13:31:19,414 Values in 0: [0.09910567 0.01279299]
2025-02-18 13:31:19,414 Values in 1: [0.09934408 0.        ]
2025-02-18 13:31:19,414 Values of parameter rae differ in 0 and 2 at temperatures [37.5, 40.0]
2025-02-18 13:31:19,414 Values in 0: [0.09910567 0.01279299]
2025-02-18 13:31:19,414 Values in 2: [0.09934791 0.01270879]
2025-02-18 13:31:19,414 Values of parameter rae differ in 0 and 3 at temperatures [35.0, 37.5, 40.0]
2025-02-18 13:31:19,414 Values in 0: [0.23589165 0.09910567 0.01279299]
2025-02-18 13:31:19,414 Values in 3: [0.2358917  0.09795056 0.01268144]
2025-02-18 13:31:19,415 Values of parameter rae differ in 0 and 4 at temperatures [35.0, 37.5, 40.0]
2025-02-18 13:31:19,415 Values in 0: [0.23589165 0.09910567 0.01279299]
2025-02-18 13:31:19,415 Values in 4: [0.23589171 0.09844791 0.        ]
2025-02-18 13:31:19,415 Values of parameter rae differ in 0 and 5 at temperatures [37.5, 40.0]
2025-02-18 13:31:19,415 Values in 0: [0.09910567 0.01279299]
2025-02-18 13:31:19,415 Values in 5: [0.09911633 0.01270685]
2025-02-18 13:31:19,415 Values of parameter rae differ in 0 and 6 at temperatures [37.5, 40.0]
2025-02-18 13:31:19,415 Values in 0: [0.09910567 0.01279299]
2025-02-18 13:31:19,415 Values in 6: [0.09818158 0.        ]
2025-02-18 13:31:19,415 Values of parameter rae differ in 0 and 7 at temperatures [37.5, 40.0]
2025-02-18 13:31:19,416 Values in 0: [0.09910567 0.01279299]
2025-02-18 13:31:19,416 Values in 7: [0.09934779 0.        ]
2025-02-18 13:31:19,416 Values of parameter rae differ in 0 and 8 at temperatures [35.0, 37.5, 40.0]
2025-02-18 13:31:19,416 Values in 0: [0.23589165 0.09910567 0.01279299]
2025-02-18 13:31:19,416 Values in 8: [0.23589171 0.09934427 0.01265916]
2025-02-18 13:31:19,416 Values of parameter rae differ in 0 and 9 at temperatures [37.5, 40.0]
2025-02-18 13:31:19,416 Values in 0: [0.09910567 0.01279299]
2025-02-18 13:31:19,416 Values in 9: [0.09962028 0.01270593]
2025-02-18 13:31:19,416 Evaluating ran
2025-02-18 13:31:19,416 Values of parameter ran differ in 0 and 1 at temperatures [40.0]
2025-02-18 13:31:19,416 Values in 0: [0.10564318]
2025-02-18 13:31:19,416 Values in 1: [0.]
2025-02-18 13:31:19,416 Values of parameter ran differ in 0 and 2 at temperatures [40.0]
2025-02-18 13:31:19,417 Values in 0: [0.10564318]
2025-02-18 13:31:19,417 Values in 2: [0.10484026]
2025-02-18 13:31:19,417 Values of parameter ran differ in 0 and 3 at temperatures [40.0]
2025-02-18 13:31:19,417 Values in 0: [0.10564318]
2025-02-18 13:31:19,417 Values in 3: [0.10480474]
2025-02-18 13:31:19,417 Values of parameter ran differ in 0 and 4 at temperatures [40.0]
2025-02-18 13:31:19,417 Values in 0: [0.10564318]
2025-02-18 13:31:19,417 Values in 4: [0.]
2025-02-18 13:31:19,417 Values of parameter ran differ in 0 and 5 at temperatures [37.5, 40.0]
2025-02-18 13:31:19,417 Values in 0: [0.20178263 0.10564318]
2025-02-18 13:31:19,417 Values in 5: [0.20178341 0.10490103]
2025-02-18 13:31:19,418 Values of parameter ran differ in 0 and 6 at temperatures [40.0]
2025-02-18 13:31:19,418 Values in 0: [0.10564318]
2025-02-18 13:31:19,418 Values in 6: [0.10549543]
2025-02-18 13:31:19,418 Values of parameter ran differ in 0 and 7 at temperatures [40.0]
2025-02-18 13:31:19,418 Values in 0: [0.10564318]
2025-02-18 13:31:19,418 Values in 7: [0.1054948]
2025-02-18 13:31:19,418 Values of parameter ran differ in 0 and 8 at temperatures [40.0]
2025-02-18 13:31:19,418 Values in 0: [0.10564318]
2025-02-18 13:31:19,418 Values in 8: [0.10480478]
2025-02-18 13:31:19,418 Values of parameter ran differ in 0 and 9 at temperatures [40.0]
2025-02-18 13:31:19,418 Values in 0: [0.10564318]
2025-02-18 13:31:19,418 Values in 9: [0.10494148]
2025-02-18 13:31:19,419 Evaluating simulated data
2025-02-18 13:31:19,419 Evaluating rae
2025-02-18 13:31:19,419 Evaluating ran
2025-02-18 13:31:19,419 Differences by temperature (unique value count): {35.0: {'rae': 4}, 37.5: {'rae': 10, 'ran': 2}, 40.0: {'rae': 7, 'ran': 9}}
2025-02-18 13:31:19,419 Evaluating simulated data
2025-02-18 13:31:19,419 Evaluating rae
2025-02-18 13:31:19,420 Evaluating ran
2025-02-18 13:31:19,420 Differences by temperature (max-min): {35.0: {'rae': 5.989937920669597e-08}, 37.5: {'rae': 0.0016697171262085725, 'ran': 7.7569048617665e-07}, 40.0: {'rae': 0.012792987703033599, 'ran': 0.10564318213756298}}
2025-02-18 13:31:19,420 Measuring distances
2025-02-18 13:31:19,420 Model r2: {'rae': 0.986278059712628, 'ran': 0.9927934750943496}
2025-02-18 13:31:19,420 R2 for simulation 0 is -0.9895357674034888
2025-02-18 13:31:19,421 Model r2: {'rae': 0.987964094237304, 'ran': 0.8582152858350061}
2025-02-18 13:31:19,421 R2 for simulation 1 is -0.923089690036155
2025-02-18 13:31:19,421 Model r2: {'rae': 0.9863039812263094, 'ran': 0.9926922386225364}
2025-02-18 13:31:19,421 R2 for simulation 2 is -0.9894981099244229
2025-02-18 13:31:19,421 Model r2: {'rae': 0.986272300887467, 'ran': 0.9926874338543283}
2025-02-18 13:31:19,422 R2 for simulation 3 is -0.9894798673708977
2025-02-18 13:31:19,422 Model r2: {'rae': 0.987943736053986, 'ran': 0.8582152854777128}
2025-02-18 13:31:19,422 R2 for simulation 4 is -0.9230795107658494
2025-02-18 13:31:19,422 Model r2: {'rae': 0.9863008306112881, 'ran': 0.992700279351309}
2025-02-18 13:31:19,422 R2 for simulation 5 is -0.9895005549812985
2025-02-18 13:31:19,423 Model r2: {'rae': 0.9879345281630088, 'ran': 0.9927759053377089}
2025-02-18 13:31:19,423 R2 for simulation 6 is -0.9903552167503589
2025-02-18 13:31:19,423 Model r2: {'rae': 0.9879641441093764, 'ran': 0.9927758295033499}
2025-02-18 13:31:19,423 R2 for simulation 7 is -0.9903699868063631
2025-02-18 13:31:19,423 Model r2: {'rae': 0.9863168524318248, 'ran': 0.9926874386289173}
2025-02-18 13:31:19,423 R2 for simulation 8 is -0.989502145530371
2025-02-18 13:31:19,424 Model r2: {'rae': 0.9863076166137558, 'ran': 0.9927057784613992}
2025-02-18 13:31:19,424 R2 for simulation 9 is -0.9895066975375775
2025-02-18 13:31:19,424 Evaluating Distance Function
2025-02-18 13:31:19,424 Model r2: {'rae': 0.986278059712628, 'ran': 0.9927934750943496}
2025-02-18 13:31:19,424 Model r2: {'rae': 0.986278059712628, 'ran': 0.9927934750943496}
2025-02-18 13:31:19,425 Model r2: {'rae': 0.986278059712628, 'ran': 0.9927934750943496}
2025-02-18 13:31:19,425 Model r2: {'rae': 0.986278059712628, 'ran': 0.9927934750943496}
2025-02-18 13:31:19,426 Model r2: {'rae': 0.986278059712628, 'ran': 0.9927934750943496}
2025-02-18 13:31:19,426 Model r2: {'rae': 0.986278059712628, 'ran': 0.9927934750943496}
2025-02-18 13:31:19,426 Model r2: {'rae': 0.986278059712628, 'ran': 0.9927934750943496}
2025-02-18 13:31:19,427 Model r2: {'rae': 0.986278059712628, 'ran': 0.9927934750943496}
2025-02-18 13:31:19,427 Model r2: {'rae': 0.986278059712628, 'ran': 0.9927934750943496}
2025-02-18 13:31:19,427 Model r2: {'rae': 0.986278059712628, 'ran': 0.9927934750943496}
2025-02-18 13:31:19,427 Distances are: [-0.9895357674034888, -0.9895357674034888, -0.9895357674034888, -0.9895357674034888, -0.9895357674034888, -0.9895357674034888, -0.9895357674034888, -0.9895357674034888, -0.9895357674034888, -0.9895357674034888]
2025-02-18 13:31:19,427 DONE
